[blackzmartx.local/index.html]
[backblue.gif]
[fade.gif]
[index.html]
[blackzmartx.local/wp-content/themes/astra/assets/css/minified/main.mina560.css]
[blackzmartx.local/wp-content/themes/astra/assets/css/minified/menu-animation.mina560.css]
[blackzmartx.local/wp-includes/css/dist/block-library/style.min37ad.css]
[blackzmartx.local/wp-content/plugins/elementor/assets/lib/eicons/css/elementor-icons.min7816.css]
[blackzmartx.local/comments/feed/index.html]
[blackzmartx.local/wp-content/plugins/elementor/assets/css/frontend-lite.mina4f3.css]
[blackzmartx.local/wp-content/uploads/elementor/css/post-5050fd3.css]
[blackzmartx.local/wp-content/plugins/elementor-pro/assets/css/frontend-lite.minf3df.css]
[blackzmartx.local/wp-content/uploads/elementor/css/post-6d422.css]
[blackzmartx.local/wp-content/plugins/elementor/assets/lib/font-awesome/css/fontawesome.min52d5.css]
[blackzmartx.local/wp-content/plugins/elementor/assets/lib/font-awesome/css/brands.min52d5.css]
[blackzmartx.local/wp-content/plugins/elementor/assets/lib/font-awesome/css/regular.min52d5.css]
[blackzmartx.local/wp-content/plugins/elementor/assets/lib/font-awesome/css/solid.min52d5.css]
[blackzmartx.local/wp-json/index.html]
[blackzmartx.local/wp-json/wp/v2/pages/6.json]
[blackzmartx.local/xmlrpc0db0.php]
[blackzmartx.local/wp-includes/wlwmanifest.xml]
[blackzmartx.local/wp-json/oembed/1.0/embedcd51.json]
[blackzmartx.local/wp-json/oembed/1.0/embedd8ed]
[blackzmartx.local/wp-content/uploads/2022/08/cropped-android-chrome-512x512-2-32x32.png]
[blackzmartx.local/wp-content/uploads/2022/08/cropped-android-chrome-512x512-2-192x192.png]
[blackzmartx.local/wp-content/uploads/2022/08/cropped-android-chrome-512x512-2-180x180.png]
[blackzmartx.local/wp-content/plugins/elementor/assets/css/widget-icon-list.min.css]
[blackzmartx.local/wp-content/uploads/2022/08/logo.png]
[blackzmartx.local/wp-content/plugins/elementor/assets/css/widget-icon-box.min.css]
[blackzmartx.local/wp-content/uploads/2022/08/244701116_245307250883494_8435323235908411761_n.jpg]
[blackzmartx.local/wp-content/uploads/2022/08/188870318_300195811755616_5311360310945839776_n.jpg]
[blackzmartx.local/games/index.html]
[blackzmartx.local/wp-content/uploads/2022/08/228725514_377105304038943_8349896415277334543_n.jpg]
[blackzmartx.local/rps-game/index.html]
[blackzmartx.local/wp-content/uploads/2022/08/269228109_637971274306495_2395077576332489255_n.jpg]
[blackzmartx.local/blackjack-game/index.html]
[blackzmartx.local/wp-content/uploads/2022/08/186913288_331748558313217_2682003542220444955_n.jpg]
[blackzmartx.local/wp-content/uploads/2022/08/141320484_233264471709905_7129577888706293933_n.jpg]
[blackzmartx.local/projects/index.html]
[blackzmartx.local/wp-content/themes/astra/assets/css/minified/galleries.mina560.css]
[blackzmartx.local/wp-content/plugins/elementor/assets/lib/animations/animations.mina4f3.css]
[blackzmartx.local/wp-content/themes/astra/assets/js/minified/frontend.mina560.js]
[blackzmartx.local/wp-content/plugins/elementor-pro/assets/js/webpack-pro.runtime.minf3df.js]
[blackzmartx.local/wp-content/plugins/elementor/assets/js/webpack.runtime.mina4f3.js]
[blackzmartx.local/wp-includes/js/jquery/jquery.minaf6c.js]
[blackzmartx.local/wp-includes/js/jquery/jquery-migrate.mind617.js]
[blackzmartx.local/wp-content/plugins/elementor/assets/js/frontend-modules.mina4f3.js]
[blackzmartx.local/wp-includes/js/dist/vendor/regenerator-runtime.min3937.js]
[blackzmartx.local/wp-includes/js/dist/vendor/wp-polyfill.min2c7c.js]
[blackzmartx.local/wp-includes/js/dist/hooks.mincbb5.js]
[blackzmartx.local/wp-includes/js/dist/i18n.min771a.js]
[blackzmartx.local/wp-content/plugins/elementor-pro/assets/js/frontend.minf3df.js]
[blackzmartx.local/wp-content/plugins/elementor/assets/lib/waypoints/waypoints.min05da.js]
[blackzmartx.local/wp-includes/js/jquery/ui/core.min0028.js]
[blackzmartx.local/wp-content/plugins/elementor/assets/js/frontend.mina4f3.js]
[blackzmartx.local/index.html]
[blackzmartx.local/wp-content/plugins/elementor-pro/assets/js/elements-handlers.minf3df.js]
[blackzmartx.local/feed/index.html]
[blackzmartx.local/wp-content/themes/astra/assets/css/minified/main.mina560.css]
[blackzmartx.local/wp-content/themes/astra/assets/css/minified/menu-animation.mina560.css]
[blackzmartx.local/wp-includes/css/dist/block-library/style.min37ad.css]
[blackzmartx.local/wp-content/plugins/elementor/assets/lib/eicons/fonts/eicons5519.eot]
[blackzmartx.local/wp-content/plugins/elementor/assets/lib/eicons/fonts/eicons5519.woff2]
[blackzmartx.local/wp-content/plugins/elementor/assets/lib/eicons/fonts/eicons5519.woff]
[blackzmartx.local/wp-content/plugins/elementor/assets/lib/eicons/fonts/eicons5519.ttf]
[blackzmartx.local/wp-content/plugins/elementor/assets/lib/eicons/css/elementor-icons.min7816.css]
[blackzmartx.local/wp-content/plugins/elementor/assets/css/frontend-lite.mina4f3.css]
[blackzmartx.local/wp-content/uploads/elementor/css/post-5050fd3.css]
[blackzmartx.local/wp-content/plugins/elementor-pro/assets/css/frontend-lite.minf3df.css]
[blackzmartx.local/wp-content/uploads/elementor/css/post-6d422.css]
[blackzmartx.local/wp-content/plugins/elementor/assets/lib/font-awesome/css/fontawesome.min52d5.css]
[blackzmartx.local/wp-content/plugins/elementor/assets/lib/font-awesome/webfonts/fa-brands-400d41d.eot]
[blackzmartx.local/wp-content/plugins/elementor/assets/lib/font-awesome/webfonts/fa-brands-400.woff2]
[blackzmartx.local/wp-content/plugins/elementor/assets/lib/font-awesome/webfonts/fa-brands-400.woff]
[blackzmartx.local/wp-content/plugins/elementor/assets/lib/font-awesome/css/brands.min52d5.css]
[blackzmartx.local/wp-content/plugins/elementor/assets/lib/font-awesome/webfonts/fa-regular-400.eot]
[blackzmartx.local/wp-content/plugins/elementor/assets/lib/font-awesome/webfonts/fa-regular-400.woff2]
[blackzmartx.local/wp-content/plugins/elementor/assets/lib/font-awesome/webfonts/fa-regular-400d41d.eot]
[blackzmartx.local/wp-content/plugins/elementor/assets/lib/font-awesome/webfonts/fa-regular-400.woff]
[blackzmartx.local/wp-content/plugins/elementor/assets/lib/font-awesome/css/regular.min52d5.css]
[blackzmartx.local/wp-content/plugins/elementor/assets/lib/font-awesome/webfonts/fa-solid-900.eot]
[blackzmartx.local/wp-content/plugins/elementor/assets/lib/font-awesome/webfonts/fa-solid-900.woff2]
[blackzmartx.local/wp-content/plugins/elementor/assets/lib/font-awesome/webfonts/fa-solid-900.woff]
[blackzmartx.local/wp-content/plugins/elementor/assets/lib/font-awesome/css/solid.min52d5.css]
[blackzmartx.local/wp-content/uploads/elementor/css/post-129f81.css]
[blackzmartx.local/wp-json/wp/v2/pages/12.json]
[blackzmartx.local/wp-json/oembed/1.0/embedbda3.json]
[blackzmartx.local/wp-json/oembed/1.0/embed8298]
[blackzmartx.local/wp-content/plugins/elementor-pro/assets/css/widget-call-to-action.min.css]
[blackzmartx.local/wp-content/uploads/2022/08/rps-768x503.png]
[blackzmartx.local/games/index.html]
[blackzmartx.local/wp-content/uploads/elementor/css/post-142af9.css]
[blackzmartx.local/wp-json/wp/v2/pages/14.json]
[blackzmartx.local/wp-json/oembed/1.0/embedf554.json]
[blackzmartx.local/wp-json/oembed/1.0/embedb8fc]
[1.bp.blogspot.com/-6WvKOyCb1cI/YMNFKab2kzI/AAAAAAAAAgI/aRkXqHfX24knW8q3t7iupuz7JaBOsxRpgCLcBGAsYHQ/s320/rock.png]
[1.bp.blogspot.com/-qxCUpCW9rw8/YMNFJ_3DnzI/AAAAAAAAAgA/2Z5jSkhzJlU-btBdHP_0FztIQ5Th3wuHACLcBGAsYHQ/s320/paper.png]
[1.bp.blogspot.com/-Bq_VVDGREoo/YMNF_XMo5SI/AAAAAAAAAgU/dsJ5VtkAIvo6V9YRRNDMhvBOgYhQXDWdQCLcBGAsYHQ/s320/scissors.png]
[icon-library.com/images/refresh-icon-png-transparent/refresh-icon-png-transparent-21.jpg]
[blackzmartx.local/rps-game/index.html]
[blackzmartx.local/wp-content/uploads/elementor/css/post-16b560.css]
[blackzmartx.local/wp-json/wp/v2/pages/16.json]
[blackzmartx.local/wp-json/oembed/1.0/embed66de.json]
[blackzmartx.local/wp-json/oembed/1.0/embed151a]
[1.bp.blogspot.com/-3ljEbZjLQUk/YRt-cE10MtI/AAAAAAAAAnM/JpDO2NKN0OMH_g-qCLtArwVz8q0AmcEugCLcBGAsYHQ/s0/[Downloader.la]-611b7dd91ac17.jpg]
[1.bp.blogspot.com/-ErutN3J71zE/YMzT5Kj1S8I/AAAAAAAAAlY/f0pykHcucE4NiQ7te7oDo1PpPW5MO5b7wCLcBGAsYHQ/s320/2.png]
[1.bp.blogspot.com/-fiIno9e6TNk/YMzRU7WL2WI/AAAAAAAAAkI/7rgnEjb3wAk-YL4PYzXnWK1ledyrNMKcQCLcBGAsYHQ/s0/3.png]
[1.bp.blogspot.com/-3si4QsL_iVM/YMzRVkMiOhI/AAAAAAAAAkU/FWqhOnxNsHQk5jNFjRY9HN47LQ4XEpnaACLcBGAsYHQ/s0/4.png]
[1.bp.blogspot.com/-w8ckzSm-ors/YMzRVpNVrwI/AAAAAAAAAkY/XawnEhCLCak5ikfFXFufblOhG-shg8f-gCLcBGAsYHQ/s0/5.png]
[1.bp.blogspot.com/-7MZUYuWRndY/YMzRVuxZ1YI/AAAAAAAAAkc/f8BO82bmE5I1AYVKLORdPcvvkm8vEl3wwCLcBGAsYHQ/s0/6.png]
[1.bp.blogspot.com/-aKG9ZFUzkAU/YMzRWvxcE1I/AAAAAAAAAkg/uuze2qo575sEs4jHYs_h4cnzWIGZteugQCLcBGAsYHQ/s0/7.png]
[1.bp.blogspot.com/-NtW4qqVyC9Y/YMzRW9XiIjI/AAAAAAAAAkk/uxudeFAJaMU9COUtdJT78KOYVWuvodhHQCLcBGAsYHQ/s0/8.png]
[1.bp.blogspot.com/-zwXutr9bj8A/YMzRXG_1ziI/AAAAAAAAAko/9OT822vPMToELg2dGlZ5XZCyX_UOcwVkACLcBGAsYHQ/s0/9.png]
[1.bp.blogspot.com/-HhCFtAxIk7g/YMzRVKzwNcI/AAAAAAAAAkQ/sA51sNI8YMYUqV2M7GvPs6jINSmY8SUoACLcBGAsYHQ/s0/10.png]
[1.bp.blogspot.com/-qWPyWQm6nFw/YMzRYbh3KeI/AAAAAAAAAk4/fbhyJQezWK4K-XaQaGW7iI2FthGbSm5egCLcBGAsYHQ/s0/K.png]
[1.bp.blogspot.com/-HwTdLEzwMXU/YMzRXkrrQwI/AAAAAAAAAkw/wVxvkGIrcqIoC-NeO38eB-DJ0sYM4bqDwCLcBGAsYHQ/s0/J.png]
[1.bp.blogspot.com/-u1jECSBazAU/YMzRYYDEnnI/AAAAAAAAAk0/JCoTiqFWAKw5eYb4vOIJi0F17mqxn672gCLcBGAsYHQ/s0/Q.png]
[1.bp.blogspot.com/-JCahXl0IbMc/YMzRXFfTYII/AAAAAAAAAks/Devn99CxI4gWm_9kAqc__cs5ygFCvmRhQCLcBGAsYHQ/s0/A.png]
[blackzmartx.local/blackjack-game/index.html]
[blackzmartx.local/wp-content/uploads/elementor/css/post-685c364.css]
[blackzmartx.local/wp-json/wp/v2/pages/685.json]
[blackzmartx.local/wp-json/oembed/1.0/embed1a53.json]
[blackzmartx.local/projects/index.html]
[blackzmartx.local/wp-content/plugins/elementor/assets/css/widget-icon-list.min.css]
[blackzmartx.local/wp-content/plugins/elementor/assets/css/widget-icon-box.min.css]
[blackzmartx.local/wp-content/themes/astra/assets/css/minified/galleries.mina560.css]
[blackzmartx.local/wp-content/plugins/elementor/assets/lib/animations/animations.mina4f3.css]
[blackzmartx.local/wp-content/themes/astra/assets/js/minified/frontend.mina560.js]
[blackzmartx.local/wp-content/plugins/elementor-pro/assets/js/webpack-pro.runtime.minf3df.js]
[blackzmartx.local/wp-content/plugins/elementor/assets/js/webpack.runtime.mina4f3.js]
[blackzmartx.local/wp-includes/js/jquery/jquery.minaf6c.js]
[blackzmartx.local/wp-includes/js/jquery/jquery-migrate.mind617.js]
[blackzmartx.local/wp-content/plugins/elementor/assets/js/frontend-modules.mina4f3.js]
[blackzmartx.local/wp-includes/js/dist/vendor/regenerator-runtime.min3937.js]
[blackzmartx.local/wp-includes/js/dist/vendor/wp-polyfill.min2c7c.js]
[blackzmartx.local/wp-includes/js/dist/hooks.mincbb5.js]
[blackzmartx.local/wp-includes/js/dist/i18n.min771a.js]
[blackzmartx.local/wp-content/plugins/elementor-pro/assets/js/frontend.minf3df.js]
[blackzmartx.local/wp-content/plugins/elementor/assets/lib/waypoints/waypoints.min05da.js]
[blackzmartx.local/wp-includes/js/jquery/ui/core.min0028.js]
[blackzmartx.local/wp-json/oembed/1.0/embed23f2]
[blackzmartx.local/-negative.svg]
[blackzmartx.local/wp-content/plugins/elementor/assets/js/frontend.mina4f3.js]
[blackzmartx.local/wp-content/plugins/elementor-pro/assets/js/elements-handlers.minf3df.js]
[blackzmartx.local/wp-content/plugins/elementor/assets/lib/eicons/fonts/eicons5519.svg]
[blackzmartx.local/OPR/index.html]
[blackzmartx.local/wp-content/plugins/elementor/assets/lib/font-awesome/webfonts/fa-brands-400.eot]
[blackzmartx.local/wp-content/plugins/elementor/assets/lib/font-awesome/webfonts/fa-brands-400.ttf]
[blackzmartx.local/wp-content/plugins/elementor/assets/lib/font-awesome/webfonts/fa-brands-400.svg]
[blackzmartx.local/wp-content/plugins/elementor/assets/lib/font-awesome/webfonts/fa-regular-400.ttf]
[blackzmartx.local/wp-content/plugins/elementor/assets/lib/font-awesome/webfonts/fa-regular-400.svg]
[blackzmartx.local/wp-content/plugins/elementor/assets/lib/font-awesome/webfonts/fa-solid-900.ttf]
[blackzmartx.local/wp-content/plugins/elementor/assets/lib/font-awesome/webfonts/fa-solid-900.svg]
[blackzmartx.local/wp-content/uploads/2022/08/bg-02-free-img.png]
[blackzmartx.local/wp-content/uploads/elementor/css/post-129f81.css]
[blackzmartx.local/index678b.html]
[blackzmartx.local/wp-content/plugins/elementor-pro/assets/css/widget-call-to-action.min.css]
[blackzmartx.local/wp-content/uploads/2022/08/bj-768x503.png]
[blackzmartx.local/wp-content/uploads/elementor/css/post-142af9.css]
[blackzmartx.local/wp-content/uploads/elementor/css/post-16b560.css]
[blackzmartx.local/index0e62.html]
[blackzmartx.local/wp-content/uploads/elementor/css/post-685c364.css]
[blackzmartx.local/index0111.html]
[blackzmartx.local/-negative.html]
[blackzmartx.local/OPR/index.html]
[blackzmartx.local/wp-content/plugins/elementor/assets/lib/font-awesome/webfonts/fa-solid-900d41d.eot]
[blackzmartx.local/index0b69.html]
[localhost_10004/wp-content/uploads/2022/08/bg-02-free-img.png]
[localhost_10004/wp-content/uploads/2022/08/bg.png]
